
 Start         Length Name               Class

  0001:0000    6668H  _TEXT              CODE
  0002:0000    015EH  SYSCRASH_TEXT      CODE
  0003:0000    3D7AH  _TEXTB             CODE
  0004:0000    0C3BH  _TEXTC             CODE
  0005:0000    0000H  _FARDATA           FAR_DATA
  0005:0000    0000H  _FARBSS            FAR_BSS
  0005:0000    0024H  NULL               BEGDATA
  0005:0030    1150H  _DATA              DATA
  0005:1180    0004H  _FPSEG             DATA
  0005:1184    0002H  _CVTSEG            DATA
  0005:1186    0006H  _SCNSEG            DATA
  0005:118C    0000H  _CONST             CONST
  0005:118C    0036H  _INIT_             INITDATA
  0005:11C2    0000H  _INITEND_          INITDATA
  0005:11C2    002AH  _EXIT_             EXITDATA
  0005:11EC    0000H  _EXITEND_          EXITDATA
  0005:11EC    01B8H  _BSS               BSS
  0005:13A4    0000H  _BSSEND            BSSEND


Detailed map of segments

 0001:0000 01A3 C=CODE   S=_TEXT          G=(none)   M=c0w.asm    ACBP=48
 0001:01A4 0026 C=CODE   S=_TEXT          G=(none)   M=fmemcpy    ACBP=48
 0001:01CA 004D C=CODE   S=_TEXT          G=(none)   M=fmemset    ACBP=48
 0001:0218 0023 C=CODE   S=_TEXT          G=(none)   M=fstrlen    ACBP=48
 0001:023C 0033 C=CODE   S=_TEXT          G=(none)   M=fstrncpy   ACBP=48
 0001:0270 004E C=CODE   S=_TEXT          G=(none)   M=strrchr    ACBP=48
 0001:02BE 00CB C=CODE   S=_TEXT          G=(none)   M=strtok     ACBP=48
 0001:038A 002A C=CODE   S=_TEXT          G=(none)   M=memcmp     ACBP=48
 0001:03B4 0026 C=CODE   S=_TEXT          G=(none)   M=memcpy     ACBP=48
 0001:03DA 004D C=CODE   S=_TEXT          G=(none)   M=memset     ACBP=48
 0001:0428 0080 C=CODE   S=_TEXT          G=(none)   M=movmem     ACBP=48
 0001:04A8 0032 C=CODE   S=_TEXT          G=(none)   M=strcmp     ACBP=48
 0001:04DA 002B C=CODE   S=_TEXT          G=(none)   M=strcpy     ACBP=48
 0001:0506 0043 C=CODE   S=_TEXT          G=(none)   M=stricmp    ACBP=48
 0001:054A 0023 C=CODE   S=_TEXT          G=(none)   M=strlen     ACBP=48
 0001:056E 004F C=CODE   S=_TEXT          G=(none)   M=ewconio    ACBP=48
 0001:05BE 25D4 C=CODE   S=_TEXT          G=(none)   M=easywin    ACBP=48
 0001:2B92 0030 C=CODE   S=_TEXT          G=(none)   M=ewinproc   ACBP=48
 0001:2BC2 05D4 C=CODE   S=_TEXT          G=(none)   M=ehinst     ACBP=48
 0001:3196 0000 C=CODE   S=_TEXT          G=(none)   M=files      ACBP=48
 0001:3196 0000 C=CODE   S=_TEXT          G=(none)   M=files2     ACBP=48
 0001:3196 0000 C=CODE   S=_TEXT          G=(none)   M=fmode      ACBP=48
 0001:3196 0165 C=CODE   S=_TEXT          G=(none)   M=setupio    ACBP=48
 0001:32FC 001A C=CODE   S=_TEXT          G=(none)   M=xclose     ACBP=48
 0001:3316 0052 C=CODE   S=_TEXT          G=(none)   M=ioerror    ACBP=48
 0001:3368 0017 C=CODE   S=_TEXT          G=(none)   M=isatty     ACBP=48
 0001:3380 002F C=CODE   S=_TEXT          G=(none)   M=lseek      ACBP=48
 0001:33B0 0079 C=CODE   S=_TEXT          G=(none)   M=reada      ACBP=48
 0001:342A 04D9 C=CODE   S=_TEXT          G=(none)   M=vprinter   ACBP=48
 0001:3904 00DB C=CODE   S=_TEXT          G=(none)   M=fflush     ACBP=48
 0001:39E0 005D C=CODE   S=_TEXT          G=(none)   M=flushall   ACBP=48
 0001:3A3E 0089 C=CODE   S=_TEXT          G=(none)   M=flushout   ACBP=48
 0001:3AC8 0056 C=CODE   S=_TEXT          G=(none)   M=fputs      ACBP=48
 0001:3B1E 01ED C=CODE   S=_TEXT          G=(none)   M=fseek      ACBP=48
 0001:3D0C 0088 C=CODE   S=_TEXT          G=(none)   M=gets       ACBP=48
 0001:3D94 0090 C=CODE   S=_TEXT          G=(none)   M=perror     ACBP=48
 0001:3E24 001F C=CODE   S=_TEXT          G=(none)   M=printf     ACBP=48
 0001:3E44 03E3 C=CODE   S=_TEXT          G=(none)   M=putc       ACBP=48
 0001:4228 0126 C=CODE   S=_TEXT          G=(none)   M=setvbuf    ACBP=48
 0001:434E 0092 C=CODE   S=_TEXT          G=(none)   M=sprintf    ACBP=48
 0001:43E0 0166 C=CODE   S=_TEXT          G=(none)   M=write      ACBP=48
 0001:4546 004A C=CODE   S=_TEXT          G=(none)   M=xfflush    ACBP=48
 0001:4590 0023 C=CODE   S=_TEXT          G=(none)   M=chmoda     ACBP=48
 0001:45B4 0037 C=CODE   S=_TEXT          G=(none)   M=closea     ACBP=48
 0001:45EC 007C C=CODE   S=_TEXT          G=(none)   M=eof        ACBP=48
 0001:4668 01F1 C=CODE   S=_TEXT          G=(none)   M=getc       ACBP=48
 0001:485A 01CF C=CODE   S=_TEXT          G=(none)   M=open       ACBP=48
 0001:4A2A 006E C=CODE   S=_TEXT          G=(none)   M=opena      ACBP=48
 0001:4A98 00CF C=CODE   S=_TEXT          G=(none)   M=read       ACBP=48
 0001:4B68 0089 C=CODE   S=_TEXT          G=(none)   M=writea     ACBP=48
 0001:4BF2 008F C=CODE   S=_TEXT          G=(none)   M=ioctl      ACBP=48
 0001:4C82 0000 C=CODE   S=_TEXT          G=(none)   M=wcfncptr   ACBP=48
 0001:4C82 0017 C=CODE   S=_TEXT          G=(none)   M=f_lxmul    ACBP=28
 0001:4C99 00AE C=CODE   S=_TEXT          G=(none)   M=h_ldiv     ACBP=28
 0001:4D47 0017 C=CODE   S=_TEXT          G=(none)   M=n_lxmul    ACBP=28
 0001:4D5E 009F C=CODE   S=_TEXT          G=(none)   M=longtoa    ACBP=48
 0001:4DFD 001E C=CODE   S=_TEXT          G=(none)   M=cvtfak     ACBP=28
 0001:4E1B 0004 C=CODE   S=_TEXT          G=(none)   M=wrealcvt   ACBP=28
 0001:4E20 0288 C=CODE   S=_TEXT          G=(none)   M=setnew     ACBP=48
 0001:50A8 0019 C=CODE   S=_TEXT          G=(none)   M=del        ACBP=48
 0001:50C2 0019 C=CODE   S=_TEXT          G=(none)   M=delarray   ACBP=48
 0001:50DC 00C1 C=CODE   S=_TEXT          G=(none)   M=new        ACBP=48
 0001:519E 0014 C=CODE   S=_TEXT          G=(none)   M=newarray   ACBP=48
 0001:51B2 002B C=CODE   S=_TEXT          G=(none)   M=h_chkstk   ACBP=28
 0001:51DE 000A C=CODE   S=_TEXT          G=(none)   M=suballoc   ACBP=48
 0001:51E8 0335 C=CODE   S=_TEXT          G=(none)   M=asmmem     ACBP=28
 0001:551D 0065 C=CODE   S=_TEXT          G=(none)   M=winmem     ACBP=28
 0001:5582 007C C=CODE   S=_TEXT          G=(none)   M=heap       ACBP=48
 0001:55FE 01FB C=CODE   S=_TEXT          G=(none)   M=fheap      ACBP=48
 0001:57FA 0019 C=CODE   S=_TEXT          G=(none)   M=errormsg   ACBP=48
 0001:5814 0024 C=CODE   S=_TEXT          G=(none)   M=movedata   ACBP=48
 0001:5838 0012 C=CODE   S=_TEXT          G=(none)   M=abort      ACBP=48
 0001:584A 0032 C=CODE   S=_TEXT          G=(none)   M=atexit     ACBP=48
 0001:587C 00CC C=CODE   S=_TEXT          G=(none)   M=exit       ACBP=48
 0001:5948 0019 C=CODE   S=_TEXT          G=(none)   M=_abort     ACBP=48
 0001:5962 0308 C=CODE   S=_TEXT          G=(none)   M=setargv    ACBP=48
 0001:5C6A 0059 C=CODE   S=_TEXT          G=(none)   M=setargv0   ACBP=48
 0001:5CC4 004E C=CODE   S=_TEXT          G=(none)   M=setenv     ACBP=48
 0001:5D12 00FD C=CODE   S=_TEXT          G=(none)   M=setenvrn   ACBP=48
 0001:5E10 0262 C=CODE   S=_TEXT          G=(none)   M=signal     ACBP=48
 0001:6072 0209 C=CODE   S=_TEXT          G=(none)   M=errexit    ACBP=48
 0001:627C 0005 C=CODE   S=_TEXT          G=(none)   M=cgquiet    ACBP=48
 0001:6282 0023 C=CODE   S=_TEXT          G=(none)   M=winmain    ACBP=48
 0001:62A6 0063 C=CODE   S=_TEXT          G=(none)   M=ctor2      ACBP=48
 0001:630A 00D5 C=CODE   S=_TEXT          G=(none)   M=ctor3      ACBP=48
 0001:63E0 0256 C=CODE   S=_TEXT          G=(none)   M=strings    ACBP=48
 0001:6636 0032 C=CODE   S=_TEXT          G=(none)   M=getdate    ACBP=48
 0002:0000 015E C=CODE   S=SYSCRASH_TEXT  G=(none) M=syscrash.cpp ACBP=48
 0003:0000 037D C=CODE   S=_TEXTB         G=(none)  M=xxv        ACBP=48
 0003:037E 0208 C=CODE   S=_TEXTB         G=(none)  M=xalloc     ACBP=48
 0003:0586 03C9 C=CODE   S=_TEXTB         G=(none)  M=xmsg       ACBP=48
 0003:0950 00AE C=CODE   S=_TEXTB         G=(none)  M=xxas       ACBP=48
 0003:09FE 337C C=CODE   S=_TEXTB         G=(none)  M=xx         ACBP=48
 0004:0000 00E7 C=CODE   S=_TEXTC         G=(none)  M=ctor2      ACBP=48
 0004:00E8 021B C=CODE   S=_TEXTC         G=(none)  M=ctor3      ACBP=48
 0004:0304 0937 C=CODE   S=_TEXTC         G=(none)  M=strings    ACBP=48
 0005:0000 0000 C=FAR_DATA S=_FARDATA       G=DGROUP  M=c0w.asm    ACBP=68
 0005:0000 0000 C=FAR_BSS S=_FARBSS        G=DGROUP  M=c0w.asm    ACBP=68
 0005:0000 0024 C=BEGDATA S=NULL           G=DGROUP  M=c0w.asm    ACBP=68
 0005:0030 008A C=DATA   S=_DATA          G=DGROUP  M=c0w.asm    ACBP=68
 0005:00BA 0184 C=DATA   S=_DATA          G=DGROUP  M=syscrash.cpp ACBP=48
 0005:023E 0000 C=DATA   S=_DATA          G=DGROUP  M=fmemcpy    ACBP=48
 0005:023E 0000 C=DATA   S=_DATA          G=DGROUP  M=fmemset    ACBP=48
 0005:023E 0000 C=DATA   S=_DATA          G=DGROUP  M=fstrlen    ACBP=48
 0005:023E 0000 C=DATA   S=_DATA          G=DGROUP  M=fstrncpy   ACBP=48
 0005:023E 0000 C=DATA   S=_DATA          G=DGROUP  M=strrchr    ACBP=48
 0005:023E 0000 C=DATA   S=_DATA          G=DGROUP  M=strtok     ACBP=48
 0005:023E 0000 C=DATA   S=_DATA          G=DGROUP  M=memcmp     ACBP=48
 0005:023E 0000 C=DATA   S=_DATA          G=DGROUP  M=memcpy     ACBP=48
 0005:023E 0000 C=DATA   S=_DATA          G=DGROUP  M=memset     ACBP=48
 0005:023E 0000 C=DATA   S=_DATA          G=DGROUP  M=movmem     ACBP=48
 0005:023E 0000 C=DATA   S=_DATA          G=DGROUP  M=strcmp     ACBP=48
 0005:023E 0000 C=DATA   S=_DATA          G=DGROUP  M=strcpy     ACBP=48
 0005:023E 0000 C=DATA   S=_DATA          G=DGROUP  M=stricmp    ACBP=48
 0005:023E 0000 C=DATA   S=_DATA          G=DGROUP  M=strlen     ACBP=48
 0005:023E 0000 C=DATA   S=_DATA          G=DGROUP  M=ewconio    ACBP=48
 0005:023E 0257 C=DATA   S=_DATA          G=DGROUP  M=easywin    ACBP=48
 0005:0496 0000 C=DATA   S=_DATA          G=DGROUP  M=ewinproc   ACBP=48
 0005:0496 0128 C=DATA   S=_DATA          G=DGROUP  M=xxv        ACBP=48
 0005:05BE 0000 C=DATA   S=_DATA          G=DGROUP  M=xalloc     ACBP=48
 0005:05BE 0000 C=DATA   S=_DATA          G=DGROUP  M=xmsg       ACBP=48
 0005:05BE 0000 C=DATA   S=_DATA          G=DGROUP  M=xxas       ACBP=48
 0005:05BE 0012 C=DATA   S=_DATA          G=DGROUP  M=xx         ACBP=48
 0005:05D0 00B9 C=DATA   S=_DATA          G=DGROUP  M=ehinst     ACBP=48
 0005:068A 03E8 C=DATA   S=_DATA          G=DGROUP  M=files      ACBP=48
 0005:0A72 0066 C=DATA   S=_DATA          G=DGROUP  M=files2     ACBP=48
 0005:0AD8 0004 C=DATA   S=_DATA          G=DGROUP  M=fmode      ACBP=48
 0005:0ADC 0000 C=DATA   S=_DATA          G=DGROUP  M=setupio    ACBP=48
 0005:0ADC 0000 C=DATA   S=_DATA          G=DGROUP  M=xclose     ACBP=48
 0005:0ADC 005B C=DATA   S=_DATA          G=DGROUP  M=ioerror    ACBP=48
 0005:0B38 0000 C=DATA   S=_DATA          G=DGROUP  M=isatty     ACBP=48
 0005:0B38 0000 C=DATA   S=_DATA          G=DGROUP  M=lseek      ACBP=48
 0005:0B38 0000 C=DATA   S=_DATA          G=DGROUP  M=reada      ACBP=48
 0005:0B38 0067 C=DATA   S=_DATA          G=DGROUP  M=vprinter   ACBP=48
 0005:0BA0 0000 C=DATA   S=_DATA          G=DGROUP  M=fflush     ACBP=48
 0005:0BA0 0000 C=DATA   S=_DATA          G=DGROUP  M=flushall   ACBP=48
 0005:0BA0 0000 C=DATA   S=_DATA          G=DGROUP  M=flushout   ACBP=48
 0005:0BA0 0000 C=DATA   S=_DATA          G=DGROUP  M=fputs      ACBP=48
 0005:0BA0 0000 C=DATA   S=_DATA          G=DGROUP  M=fseek      ACBP=48
 0005:0BA0 0000 C=DATA   S=_DATA          G=DGROUP  M=gets       ACBP=48
 0005:0BA0 02D0 C=DATA   S=_DATA          G=DGROUP  M=perror     ACBP=48
 0005:0E70 0000 C=DATA   S=_DATA          G=DGROUP  M=printf     ACBP=48
 0005:0E70 0001 C=DATA   S=_DATA          G=DGROUP  M=putc       ACBP=48
 0005:0E72 0004 C=DATA   S=_DATA          G=DGROUP  M=setvbuf    ACBP=48
 0005:0E76 0000 C=DATA   S=_DATA          G=DGROUP  M=sprintf    ACBP=48
 0005:0E76 0000 C=DATA   S=_DATA          G=DGROUP  M=write      ACBP=48
 0005:0E76 0000 C=DATA   S=_DATA          G=DGROUP  M=xfflush    ACBP=48
 0005:0E76 0000 C=DATA   S=_DATA          G=DGROUP  M=chmoda     ACBP=48
 0005:0E76 0000 C=DATA   S=_DATA          G=DGROUP  M=closea     ACBP=48
 0005:0E76 0000 C=DATA   S=_DATA          G=DGROUP  M=eof        ACBP=48
 0005:0E76 0000 C=DATA   S=_DATA          G=DGROUP  M=getc       ACBP=48
 0005:0E76 0000 C=DATA   S=_DATA          G=DGROUP  M=open       ACBP=48
 0005:0E76 0000 C=DATA   S=_DATA          G=DGROUP  M=opena      ACBP=48
 0005:0E76 0000 C=DATA   S=_DATA          G=DGROUP  M=read       ACBP=48
 0005:0E76 0000 C=DATA   S=_DATA          G=DGROUP  M=writea     ACBP=48
 0005:0E76 0000 C=DATA   S=_DATA          G=DGROUP  M=ioctl      ACBP=48
 0005:0E76 0008 C=DATA   S=_DATA          G=DGROUP  M=wcfncptr   ACBP=48
 0005:0E7E 0000 C=DATA   S=_DATA          G=DGROUP  M=f_lxmul    ACBP=48
 0005:0E7E 0000 C=DATA   S=_DATA          G=DGROUP  M=h_ldiv     ACBP=48
 0005:0E7E 0000 C=DATA   S=_DATA          G=DGROUP  M=n_lxmul    ACBP=48
 0005:0E7E 0000 C=DATA   S=_DATA          G=DGROUP  M=longtoa    ACBP=48
 0005:0E7E 0030 C=DATA   S=_DATA          G=DGROUP  M=cvtfak     ACBP=48
 0005:0EAE 0000 C=DATA   S=_DATA          G=DGROUP  M=wrealcvt   ACBP=48
 0005:0EAE 0014 C=DATA   S=_DATA          G=DGROUP  M=setnew     ACBP=48
 0005:0EC2 0000 C=DATA   S=_DATA          G=DGROUP  M=del        ACBP=48
 0005:0EC2 0000 C=DATA   S=_DATA          G=DGROUP  M=delarray   ACBP=48
 0005:0EC2 0000 C=DATA   S=_DATA          G=DGROUP  M=new        ACBP=48
 0005:0EC2 0000 C=DATA   S=_DATA          G=DGROUP  M=newarray   ACBP=48
 0005:0EC2 001E C=DATA   S=_DATA          G=DGROUP  M=h_chkstk   ACBP=48
 0005:0EE0 0000 C=DATA   S=_DATA          G=DGROUP  M=suballoc   ACBP=48
 0005:0EE0 0000 C=DATA   S=_DATA          G=DGROUP  M=asmmem     ACBP=48
 0005:0EE0 0000 C=DATA   S=_DATA          G=DGROUP  M=winmem     ACBP=48
 0005:0EE0 0000 C=DATA   S=_DATA          G=DGROUP  M=heap       ACBP=48
 0005:0EE0 0000 C=DATA   S=_DATA          G=DGROUP  M=fheap      ACBP=48
 0005:0EE0 0000 C=DATA   S=_DATA          G=DGROUP  M=errormsg   ACBP=48
 0005:0EE0 0000 C=DATA   S=_DATA          G=DGROUP  M=movedata   ACBP=48
 0005:0EE0 0000 C=DATA   S=_DATA          G=DGROUP  M=abort      ACBP=48
 0005:0EE0 0002 C=DATA   S=_DATA          G=DGROUP  M=atexit     ACBP=48
 0005:0EE2 000E C=DATA   S=_DATA          G=DGROUP  M=exit       ACBP=48
 0005:0EF0 001F C=DATA   S=_DATA          G=DGROUP  M=_abort     ACBP=48
 0005:0F10 0071 C=DATA   S=_DATA          G=DGROUP  M=setargv    ACBP=48
 0005:0F82 001F C=DATA   S=_DATA          G=DGROUP  M=setargv0   ACBP=48
 0005:0FA2 0006 C=DATA   S=_DATA          G=DGROUP  M=setenv     ACBP=48
 0005:0FA8 0004 C=DATA   S=_DATA          G=DGROUP  M=setenvrn   ACBP=48
 0005:0FAC 0143 C=DATA   S=_DATA          G=DGROUP  M=signal     ACBP=48
 0005:10F0 0029 C=DATA   S=_DATA          G=DGROUP  M=errexit    ACBP=48
 0005:111A 0000 C=DATA   S=_DATA          G=DGROUP  M=cgquiet    ACBP=48
 0005:111A 0000 C=DATA   S=_DATA          G=DGROUP  M=winmain    ACBP=48
 0005:111A 0000 C=DATA   S=_DATA          G=DGROUP  M=ctor2      ACBP=48
 0005:111A 0000 C=DATA   S=_DATA          G=DGROUP  M=ctor3      ACBP=48
 0005:111A 0066 C=DATA   S=_DATA          G=DGROUP  M=strings    ACBP=48
 0005:1180 0000 C=DATA   S=_DATA          G=DGROUP  M=getdate    ACBP=48
 0005:1180 0004 C=DATA   S=_FPSEG         G=DGROUP  M=c0w.asm    ACBP=48
 0005:1184 0000 C=DATA   S=_CVTSEG        G=DGROUP  M=c0w.asm    ACBP=48
 0005:1184 0002 C=DATA   S=_CVTSEG        G=DGROUP  M=cvtfak     ACBP=48
 0005:1186 0000 C=DATA   S=_SCNSEG        G=DGROUP  M=c0w.asm    ACBP=48
 0005:1186 0006 C=DATA   S=_SCNSEG        G=DGROUP  M=cvtfak     ACBP=48
 0005:118C 0000 C=CONST  S=_CONST         G=DGROUP  M=c0w.asm    ACBP=48
 0005:118C 0000 C=INITDATA S=_INIT_         G=DGROUP  M=c0w.asm    ACBP=48
 0005:118C 0006 C=INITDATA S=_INIT_         G=DGROUP  M=ewinproc   ACBP=48
 0005:1192 0006 C=INITDATA S=_INIT_         G=DGROUP  M=setupio    ACBP=48
 0005:1198 000C C=INITDATA S=_INIT_         G=DGROUP  M=setnew     ACBP=48
 0005:11A4 0006 C=INITDATA S=_INIT_         G=DGROUP  M=new        ACBP=48
 0005:11AA 0006 C=INITDATA S=_INIT_         G=DGROUP  M=setargv    ACBP=48
 0005:11B0 0006 C=INITDATA S=_INIT_         G=DGROUP  M=setargv0   ACBP=48
 0005:11B6 0006 C=INITDATA S=_INIT_         G=DGROUP  M=setenv     ACBP=48
 0005:11BC 0006 C=INITDATA S=_INIT_         G=DGROUP  M=setenvrn   ACBP=48
 0005:11C2 0000 C=INITDATA S=_INITEND_      G=DGROUP  M=c0w.asm    ACBP=28
 0005:11C2 0000 C=EXITDATA S=_EXIT_         G=DGROUP  M=c0w.asm    ACBP=48
 0005:11C2 0006 C=EXITDATA S=_EXIT_         G=DGROUP  M=ewinproc   ACBP=48
 0005:11C8 0006 C=EXITDATA S=_EXIT_         G=DGROUP  M=setupio    ACBP=48
 0005:11CE 0006 C=EXITDATA S=_EXIT_         G=DGROUP  M=setnew     ACBP=48
 0005:11D4 0006 C=EXITDATA S=_EXIT_         G=DGROUP  M=new        ACBP=48
 0005:11DA 0006 C=EXITDATA S=_EXIT_         G=DGROUP  M=setargv    ACBP=48
 0005:11E0 0006 C=EXITDATA S=_EXIT_         G=DGROUP  M=setargv0   ACBP=48
 0005:11E6 0006 C=EXITDATA S=_EXIT_         G=DGROUP  M=setenvrn   ACBP=48
 0005:11EC 0000 C=EXITDATA S=_EXITEND_      G=DGROUP  M=c0w.asm    ACBP=28
 0005:11EC 0000 C=BSS    S=_BSS           G=DGROUP  M=c0w.asm    ACBP=48
 0005:11EC 0000 C=BSS    S=_BSS           G=DGROUP  M=syscrash.cpp ACBP=48
 0005:11EC 0000 C=BSS    S=_BSS           G=DGROUP  M=fmemcpy    ACBP=48
 0005:11EC 0000 C=BSS    S=_BSS           G=DGROUP  M=fmemset    ACBP=48
 0005:11EC 0000 C=BSS    S=_BSS           G=DGROUP  M=fstrlen    ACBP=48
 0005:11EC 0000 C=BSS    S=_BSS           G=DGROUP  M=fstrncpy   ACBP=48
 0005:11EC 0000 C=BSS    S=_BSS           G=DGROUP  M=strrchr    ACBP=48
 0005:11EC 0004 C=BSS    S=_BSS           G=DGROUP  M=strtok     ACBP=48
 0005:11F0 0000 C=BSS    S=_BSS           G=DGROUP  M=memcmp     ACBP=48
 0005:11F0 0000 C=BSS    S=_BSS           G=DGROUP  M=memcpy     ACBP=48
 0005:11F0 0000 C=BSS    S=_BSS           G=DGROUP  M=memset     ACBP=48
 0005:11F0 0000 C=BSS    S=_BSS           G=DGROUP  M=movmem     ACBP=48
 0005:11F0 0000 C=BSS    S=_BSS           G=DGROUP  M=strcmp     ACBP=48
 0005:11F0 0000 C=BSS    S=_BSS           G=DGROUP  M=strcpy     ACBP=48
 0005:11F0 0000 C=BSS    S=_BSS           G=DGROUP  M=stricmp    ACBP=48
 0005:11F0 0000 C=BSS    S=_BSS           G=DGROUP  M=strlen     ACBP=48
 0005:11F0 00D8 C=BSS    S=_BSS           G=DGROUP  M=easywin    ACBP=48
 0005:12C8 0000 C=BSS    S=_BSS           G=DGROUP  M=ewinproc   ACBP=48
 0005:12C8 0004 C=BSS    S=_BSS           G=DGROUP  M=xxv        ACBP=48
 0005:12CC 0000 C=BSS    S=_BSS           G=DGROUP  M=xxas       ACBP=48
 0005:12CC 000A C=BSS    S=_BSS           G=DGROUP  M=xx         ACBP=48
 0005:12D6 0014 C=BSS    S=_BSS           G=DGROUP  M=ehinst     ACBP=48
 0005:12EA 0000 C=BSS    S=_BSS           G=DGROUP  M=setupio    ACBP=48
 0005:12EA 0000 C=BSS    S=_BSS           G=DGROUP  M=ioerror    ACBP=48
 0005:12EA 0000 C=BSS    S=_BSS           G=DGROUP  M=isatty     ACBP=48
 0005:12EA 0000 C=BSS    S=_BSS           G=DGROUP  M=lseek      ACBP=48
 0005:12EA 0000 C=BSS    S=_BSS           G=DGROUP  M=reada      ACBP=48
 0005:12EA 0000 C=BSS    S=_BSS           G=DGROUP  M=vprinter   ACBP=48
 0005:12EA 0001 C=BSS    S=_BSS           G=DGROUP  M=putc       ACBP=48
 0005:12EC 0000 C=BSS    S=_BSS           G=DGROUP  M=chmoda     ACBP=48
 0005:12EC 0000 C=BSS    S=_BSS           G=DGROUP  M=closea     ACBP=48
 0005:12EC 0000 C=BSS    S=_BSS           G=DGROUP  M=eof        ACBP=48
 0005:12EC 0001 C=BSS    S=_BSS           G=DGROUP  M=getc       ACBP=48
 0005:12EE 0000 C=BSS    S=_BSS           G=DGROUP  M=open       ACBP=48
 0005:12EE 0000 C=BSS    S=_BSS           G=DGROUP  M=opena      ACBP=48
 0005:12EE 0000 C=BSS    S=_BSS           G=DGROUP  M=read       ACBP=48
 0005:12EE 0000 C=BSS    S=_BSS           G=DGROUP  M=writea     ACBP=48
 0005:12EE 0000 C=BSS    S=_BSS           G=DGROUP  M=ioctl      ACBP=48
 0005:12EE 0000 C=BSS    S=_BSS           G=DGROUP  M=longtoa    ACBP=48
 0005:12EE 0004 C=BSS    S=_BSS           G=DGROUP  M=setnew     ACBP=48
 0005:12F2 0004 C=BSS    S=_BSS           G=DGROUP  M=new        ACBP=48
 0005:12F6 0006 C=BSS    S=_BSS           G=DGROUP  M=suballoc   ACBP=48
 0005:12FC 0000 C=BSS    S=_BSS           G=DGROUP  M=movedata   ACBP=48
 0005:12FC 0080 C=BSS    S=_BSS           G=DGROUP  M=atexit     ACBP=48
 0005:137C 000C C=BSS    S=_BSS           G=DGROUP  M=setargv    ACBP=48
 0005:1388 0000 C=BSS    S=_BSS           G=DGROUP  M=setargv0   ACBP=48
 0005:1388 0000 C=BSS    S=_BSS           G=DGROUP  M=setenv     ACBP=48
 0005:1388 0004 C=BSS    S=_BSS           G=DGROUP  M=setenvrn   ACBP=48
 0005:138C 0018 C=BSS    S=_BSS           G=DGROUP  M=errexit    ACBP=48
 0005:13A4 0000 C=BSS    S=_BSS           G=DGROUP  M=winmain    ACBP=48
 0005:13A4 0000 C=BSS    S=_BSS           G=DGROUP  M=ctor2      ACBP=48
 0005:13A4 0000 C=BSS    S=_BSS           G=DGROUP  M=ctor3      ACBP=48
 0005:13A4 0000 C=BSS    S=_BSS           G=DGROUP  M=strings    ACBP=48
 0005:13A4 0000 C=BSSEND S=_BSSEND        G=DGROUP  M=c0w.asm    ACBP=28

  Address         Publics by Name

 0001:50A8       operator delete(void far*)
 0001:50C2       operator delete[](void far*)
 0001:5148       operator new(unsigned int)
 0001:519E       operator new[](unsigned int)
 0002:0084 idle  eat_all_memory()
 0001:50DC       set_new_handler(void(far*)())
 0003:000A idle  set_terminate(void(far*)())
 0003:0162 idle  set_unexpected(void(far*)())
 0004:0000       string::string(const string far&)
 0004:00E8       string::string(const char far*)
 0004:0304       string::~string()
 0004:038A idle  string::assert_element(unsigned int) const
 0004:0442 idle  string::assert_index(unsigned int) const
 0005:111A idle  string::case_sensitive
 0005:1124 idle  string::freeboard
 0005:1120 idle  string::initial_capac
 0004:0A87 idle  string::initial_capacity(unsigned int)
 0004:0ACE idle  string::max_waste(unsigned int)
 0005:111C idle  string::paranoid_check
 0005:1122 idle  string::resize_inc
 0004:0AA4 idle  string::resize_increment(unsigned int)
 0004:0A30 idle  string::set_case_sensitive(int)
 0004:0A4D idle  string::set_paranoid_check(int)
 0005:111E idle  string::skip_white
 0004:0A6A idle  string::skip_whitespace(int)
 0003:0000       terminate()
 0004:05AF       tstringref::tstringref(const char far*,unsigned int,const char far*,unsigned int,unsigned int)
 0004:0698       tstringref::~tstringref()
 0004:0769 idle  tstringref::check_freeboard()
 0004:07D1 idle  tstringref::grow_to(unsigned int)
 0004:06FB idle  tstringref::reserve(unsigned int)
 0004:0833 idle  tstringref::round_capacity(unsigned int)
 0004:0872 idle  tstringref::splice(unsigned int,unsigned int,const char far*,unsigned int)
 0004:04FA idle  tsubstring::assert_element(unsigned int) const
 0003:379D idle  typeinfo::operator =(const typeinfo far&)
 0003:3735 idle  typeinfo::typeinfo(const typeinfo far&)
 0003:37AE idle  typeinfo::~typeinfo()
 0003:37E6 idle  typeinfo::operator ==(const typeinfo far&) const
 0003:3819 idle  typeinfo::operator !=(const typeinfo far&) const
 0003:383D idle  typeinfo::before(const typeinfo far&) const
 0003:38B4 idle  typeinfo::name() const
 0003:0159       unexpected()
 0003:037E       xalloc::xalloc(const string far&,unsigned int)
 0003:03FD       xalloc::raise()
 0003:0815 idle  xmsg::operator =(const xmsg far&)
 0003:0671       xmsg::xmsg(const xmsg far&)
 0003:05AA       xmsg::xmsg(const string far&)
 0003:0718       xmsg::~xmsg()
 0003:079C idle  xmsg::raise()
 0003:2145       _catchcleanup()
 0001:2838       _easywinproc(const hwnd__ near*,unsigned int,unsigned int,long)
 0003:19AF idle  _rethrowexception(unsigned int,unsigned char far*)
 0003:1957       _throwexception(void far*,void far*,void far*,void far*,unsigned int,unsigned int,unsigned int,unsigned char far*)
 0001:2B1B       __createeasywin()
 0003:3B96 idle  __dynamiccast(void far*,void far*,void far*,void far*,int)
 0001:2D47       __eh_alloctable()
 0001:304B       __eh_getclientdata(unsigned int)
 0001:3142       __eh_initstaticdata()
 0001:2A83       __exiteasywin()
 0003:0257 idle  __getpolymorphicdtc(void far*,unsigned int)
 0003:02AB idle  __getpolymorphicdtcfar(void far*,unsigned int)
 0003:38D1 idle  __gettypeinfo(void far*,void far*,void far*,void far*)
 0001:2A07       __initeasywin()
 0003:0950       __refdestructorcount()
 0003:0963 idle  __refexceptionlist()
 0003:3716 idle  __throwexceptionname()
 0003:36DC idle  __throwfilename()
 0003:36FB idle  __throwlinenumber()
 0000:0000 idle  APPENDMENU
 0000:0000 idle  BEGINPAINT
 0000:0000 idle  BITBLT
 0000:0000 idle  CLOSECLIPBOARD
 0000:0000 idle  CREATECARET
 0000:0000 idle  CREATECOMPATIBLEBITMAP
 0000:0000 idle  CREATECOMPATIBLEDC
 0000:0000 idle  CREATEFONTINDIRECT
 0000:0000 idle  CREATEMENU
 0000:0000 idle  CREATESOLIDBRUSH
 0000:0000 idle  CREATEWINDOW
 0000:0000 idle  DEFWINDOWPROC
 0000:0000 idle  DELETEDC
 0000:0000 idle  DELETEOBJECT
 0000:0000 idle  DESTROYCARET
 0000:0000 idle  DESTROYWINDOW
 0000:0000 idle  DISPATCHMESSAGE
 0000:0000 idle  ENABLEMENUITEM
 0000:0000 idle  ENDDOC
 0000:0000 idle  ENDPAGE
 0000:0000 idle  ENDPAINT
 0000:0000 idle  ENUMTASKWINDOWS
 0000:0000 idle  ESCAPE
 0000:0000 idle  FATALEXIT
 0000:0000 idle  FILLRECT
 0001:51B5       F_CHKSTK@
 0001:4C9C idle  F_LDIV@
 0001:4CAB idle  F_LMOD@
 0001:4CA3       F_LUDIV@
 0001:4CB3 idle  F_LUMOD@
 0001:4C82       F_LXMUL@
 0000:0000 idle  GETASYNCKEYSTATE
 0000:0000 idle  GETCLIENTRECT
 0000:0000 idle  GETCLIPBOARDDATA
 0000:0000 idle  GETCURRENTTASK
 0000:0000 idle  GETDC
 0000:0000 idle  GETDEVICECAPS
 0000:0000 idle  GETDOSENVIRONMENT
 0000:0000 idle  GETKEYSTATE
 0000:0000 idle  GETMENUSTATE
 0000:0000 idle  GETMESSAGE
 0000:0000 idle  GETMODULEFILENAME
 0000:0000 idle  GETMODULEHANDLE
 0000:0000 idle  GETMODULEUSAGE
 0000:0000 idle  GETPROCADDRESS
 0000:0000 idle  GETPROFILESTRING
 0000:0000 idle  GETSTOCKOBJECT
 0000:0000 idle  GETSYSCOLOR
 0000:0000 idle  GETSYSTEMMENU
 0000:0000 idle  GETSYSTEMMETRICS
 0000:0000 idle  GETTEXTMETRICS
 0000:0000 idle  GETUPDATERECT
 0000:0000 idle  GETWINDOWRECT
 0000:0000 idle  GETWINDOWTEXT
 0000:0000 idle  GETWINFLAGS
 0000:0000 idle  GLOBALALLOC
 0000:0000 idle  GLOBALFREE
 0000:0000 idle  GLOBALHANDLE
 0000:0000 idle  GLOBALLOCK
 0000:0000 idle  GLOBALREALLOC
 0000:0000 idle  GLOBALSIZE
 0000:0000 idle  GLOBALUNLOCK
 0000:0000 idle  INITAPP
 0000:0000 idle  INITTASK
 0000:0000 idle  INTERSECTRECT
 0000:0000 idle  INVALIDATERECT
 0000:0000 idle  INVERTRECT
 0000:0000 idle  ISCLIPBOARDFORMATAVAILABLE
 0001:4C9C idle  LDIV@
 0001:4CAB idle  LMOD@
 0000:0000 idle  LOADCURSOR
 0000:0000 idle  LOADICON
 0000:0000 idle  LOCKSEGMENT
 0001:4CA3 idle  LUDIV@
 0001:4CB3 idle  LUMOD@
 0001:4C82 idle  LXMUL@
 0000:0000 idle  MESSAGEBEEP
 0000:0000 idle  MESSAGEBOX
 0001:51B2 idle  N_CHKSTK@
 0001:4C99 idle  N_LDIV@
 0001:4CA8 idle  N_LMOD@
 0001:4CA0       N_LUDIV@
 0001:4CB0 idle  N_LUMOD@
 0001:4D47       N_LXMUL@
 0000:0000 idle  OEMTOANSI
 0000:0000 idle  OPENCLIPBOARD
 0000:0000 idle  OPENFILE
 0000:0000 idle  PEEKMESSAGE
 0000:0000 idle  POSTMESSAGE
 0000:0000 idle  POSTQUITMESSAGE
 0000:0000 idle  PRINTDLG
 0000:0000 idle  PTINRECT
 0000:0000 idle  REGISTERCLASS
 0000:0000 idle  RELEASECAPTURE
 0000:0000 idle  RELEASEDC
 0000:0000 idle  RESTOREDC
 0000:0000 idle  SAVEDC
 0000:0000 idle  SCROLLWINDOW
 0000:0000 idle  SELECTOBJECT
 0000:0000 idle  SETCAPTURE
 0000:0000 idle  SETCARETPOS
 0000:0000 idle  SETCLIPBOARDDATA
 0000:0000 idle  SETMAPMODE
 0000:0000 idle  SETSCROLLPOS
 0000:0000 idle  SETSCROLLRANGE
 0000:0000 idle  SETWINDOWPOS
 0000:0000 idle  SETWINDOWTEXT
 0000:0000 idle  SHOWCARET
 0000:0000 idle  SHOWSCROLLBAR
 0000:0000 idle  SHOWWINDOW
 0000:0000 idle  STARTDOC
 0000:0000 idle  STARTPAGE
 0000:0000 idle  TEXTOUT
 0000:0000 idle  TRANSLATEMESSAGE
 0000:0000 idle  UNLOCKSEGMENT
 0000:0000 idle  UPDATEWINDOW
 0000:0000 idle  WAITEVENT
 0001:6282       WINMAIN
 0001:5838       _abort
 0001:584A idle  _atexit
 0001:55C0 idle  _calloc
 0001:1016 idle  _clreol
 0001:0FB6 idle  _clrscr
 0001:45EC       _eof
 0005:0030       _errno
 0001:5902       _exit
 0001:3904       _fflush
 0001:4749 idle  _fgetc
 0001:4849 idle  _fgetchar
 0001:3A34 idle  _flushall
 0001:3E68 idle  _fputc
 0001:4000 idle  _fputchar
 0001:3AC8       _fputs
 0001:55E1       _free
 0001:3BA6       _fseek
 0001:3C2E idle  _ftell
 0001:056E idle  _getch
 0001:0578 idle  _getche
 0001:6636       _getdate
 0001:3D0C       _gets
 0001:664F       _gettime
 0001:0F7A idle  _gotoxy
 0005:00BA idle  _HMemChew
 0001:4BF2       _ioctl
 0001:3368       _isatty
 0001:059B       _kbhit
 0000:0000 idle  _LCLOSE
 0001:3380       _lseek
 0000:0000 idle  _LWRITE
 0002:0000       _main
 0001:5582       _malloc
 0001:038A       _memcmp
 0001:03B4       _memcpy
 0001:0481       _memmove
 0001:0402       _memset
 0001:5814       _movedata
 0001:0428 idle  _movmem
 0001:488F       _open
 0001:3D94 idle  _perror
 0001:3E24       _printf
 0001:05A5 idle  _putch
 0001:5F97       _raise
 0003:1B6E idle  _RaiseException
 0001:559E       _realloc
 0001:03DA idle  _setmem
 0001:4228       _setvbuf
 0001:5E37 idle  _signal
 0001:4393       _sprintf
 0001:04A8       _strcmp
 0001:04DA       _strcpy
 0001:0506       _stricmp
 0001:054A       _strlen
 0001:0270       _strrchr
 0001:02BE       _strtok
 0005:12F6 idle  _SubAllocClientData
 0001:43BA idle  _vsprintf
 0001:0F9C idle  _wherex
 0001:0FA9 idle  _wherey
 0000:0000 idle  _WSPRINTF
 0005:0034       __8086
 0005:0036 idle  __8087
 0005:0049 idle  __abend
 0001:5948       __abort
 0000:0000 idle  __acrtused
 0001:5BAB idle  __addarg
 0001:51B5 idle  __aFchkstk
 0001:51B2 idle  __aNchkstk
 0005:137C       __argc
 0005:137E       __argv
 0005:0F82       __argv0
 0005:0EE0       __atexitcnt
 0005:12FC       __atexittbl
 0005:025C idle  __AutoTracking
 0005:024A idle  __BufferSize
 0001:592C idle  __cexit
 0001:627C       __CG_QUIET
 0005:0260 idle  __CheckBreak
 0005:025E idle  __CheckEOF
 0001:0104       __checknull
 0001:00F2       __cleanup
 0001:45D8 idle  __close
 0005:0040       __cmdShow
 0003:368A idle  __CurrExcContext
 0005:024E idle  __Cursor
 0001:0833 idle  __CursorTo
 0000:0000  Abs  __cvtfak
 0001:593A idle  __c_exit
 0000:0010 idle  __DestructorCount
 0005:12C8 idle  __DestructorCountPtr
 0001:2A5F idle  __DoneEasyWin
 0005:0ADC       __doserrno
 0001:3354 idle  __DOSERROR
 0005:0ADE idle  __dosErrorToSV
 0005:0256 idle  __EasyWinActive
 0005:0FA8       __environ
 0005:0FA4       __envLng
 0005:0FA2       __envseg
 0005:0FA6       __envSize
 0001:61C1       __errorBox
 0001:625A       __errorExitBox
 0001:60D4 idle  __ErrorMessageHelper
 0003:0303       __ExceptInit
 0003:28DB       __ExceptionHandler
 0000:0014 idle  __Exception_list
 0001:5917       __exit
 0005:0EE2       __exitbuf
 0005:0EE6       __exitfopen
 0005:0EEA       __exitopen
 0001:5645       __farcallocf
 0001:56CA       __farfreef
 0001:55FE       __farmallocf
 0001:56FC       __farreallocf
 0001:4728       __fgetc
 0001:39E0       __flushall
 0001:3A3E       __flushout
 0001:01A4       __fmemcpy
 0001:01F2       __fmemset
 0005:0AD8       __fmode
 0001:5E8E idle  __FpeDefault
 0001:601B idle  __FpeHandler
 0001:3E44 idle  __fputc
 0001:4019       __FPUTN
 0005:1180 idle  __FPVector
 0001:3236 idle  __freeio
 0001:01CA idle  __fsetmem
 0001:0218       __fstrlen
 0001:023C       __fstrncpy
 0001:011B       __GetDGROUP
 0001:082B idle  __GetEasyWinWindow
 0001:524D       __GETMEM
 0001:551D       __GET_TEMP_BLOCK
 0003:1B22 idle  __Global_unwind
 0005:003A       __hInstance
 0005:003C       __hPrev
 0005:0258 idle  __InactiveTitle
 0001:0062 idle  __INITAPPCALLED
 0001:2B92       __InitEasyWin
 0001:51F6 idle  __INITMEM
 0001:3316       __IOERROR
 0001:0DA1       __KeyPressed
 0003:27DD idle  __Local_unwind
 0005:0047 idle  __LockWIN87EM
 0001:4D5E       __LONGTOA
 0005:10F0 idle  __messagefile
 0005:12EE       __new_handler
 0001:4746 idle  __Nfgetc
 0005:0A72       __nfile
 0005:0ADA       __notUmask
 0001:4A7D idle  __open
 0005:0A74       __openfd
 0005:0252 idle  __Origin
 0005:0042 idle  __osmajor
 0005:0043 idle  __osminor
 0005:0044 idle  __osmode
 0005:0042 idle  __osversion
 0005:0264 idle  __OutputFileName
 0005:0032       __protected
 0005:0038       __psp
 0005:003E       __pszCmdline
 0001:340B       __read
 0001:0EDC idle  __ReadBuf
 0001:0E01       __ReadKey
 0001:4E1B       __REALCVT
 0005:1184       __RealCvtVector
 0001:0105       __restorezero
 0003:280C idle  __Return_unwind
 0001:545D       __RLSMEM
 0001:5557       __RLS_TEMP_BLOCK
 0001:4590       __rtl_chmod
 0001:45B4       __rtl_close
 0001:4A2A       __rtl_open
 0001:33B0       __rtl_read
 0001:4B68       __rtl_write
 0005:1186 idle  __ScanTodVector
 0005:0246 idle  __ScreenSize
 0001:0880 idle  __ScrollTo
 0001:5962 idle  __setargv
 0005:0F10       __setargv__
 0001:3196       __setupio
 0001:5447       __SIZMEM
 0001:556E       __SIZ_TEMP_BLOCK
 0001:520B idle  __STOPMEM
 0005:068A       __streams
 0005:0BA0 idle  __sys_errlist
 0005:0C60       __sys_nerr
 0001:0106       __terminate
 0001:094B idle  __TrackCursor
 0005:0262 idle  __UseDefaultPrinterFont
 0001:4DDE idle  __UTOA
 0005:0042 idle  __version
 0001:3442       __VPRINTER
 0005:0045       __WinAllocFlag
 0005:023E idle  __WindowOrg
 0005:0242 idle  __WindowSize
 0005:11F6 idle  __WindowTitle
 0001:00DB idle  __WINMAINCALL
 0001:4BD3 idle  __write
 0001:0C3F idle  __WriteBuf
 0001:0D88       __WriteChar
 0001:32FC       __xclose
 0001:4546       __xfflush
 0005:05EE       ___cachedSS
 0005:05F0       ___cachedVarPtr
 0003:00A6       ___call_terminate
 0003:01D4       ___call_unexpected
 0005:11F4       ___cmdShow
 0005:0496       ___CPPexceptionList
 0005:05D0       ___EH_TablePtr
 0001:57FA       ___ErrorMessage
 0005:049A idle  ___exceptFlags
 0005:04BE idle  ___exceptionNameBuff
 0005:04BA idle  ___exceptMemAllocVars
 0005:04B6 idle  ___exceptStaticBuffP
 0005:053E idle  ___ExceptStaticXbuff
 0003:09E8       ___ExitExceptBlocks
 0001:51DE       ___GetSubAllocClientData
 0005:11F0       ___hInstance
 0005:11F2       ___hPrev
 0003:0977       ___InitExceptBlocks
 0003:09FE idle  ___JumpToCatch__
 0001:55C0 idle  ___org_calloc
 0001:50A8 idle  ___org_delete
 0001:50C2 idle  ___org_deletea
 0001:45EC idle  ___org_eof
 0001:3904 idle  ___org_fflush
 0001:4749 idle  ___org_fgetc
 0001:4849 idle  ___org_fgetchar
 0001:3E68 idle  ___org_fputc
 0001:4000 idle  ___org_fputchar
 0001:3AC8 idle  ___org_fputs
 0001:55E1       ___org_free
 0001:3BA6 idle  ___org_fseek
 0001:3C2E idle  ___org_ftell
 0001:6636 idle  ___org_getdate
 0001:3D0C idle  ___org_gets
 0001:664F idle  ___org_gettime
 0001:4BF2 idle  ___org_ioctl
 0001:3368 idle  ___org_isatty
 0001:3380 idle  ___org_lseek
 0001:5582       ___org_malloc
 0001:038A idle  ___org_memcmp
 0001:03B4 idle  ___org_memcpy
 0001:0481 idle  ___org_memmove
 0001:0402 idle  ___org_memset
 0001:0428 idle  ___org_movmem
 0001:5148 idle  ___org_new
 0001:519E idle  ___org_newa
 0001:488F idle  ___org_open
 0001:3D94 idle  ___org_perror
 0001:3E24 idle  ___org_printf
 0001:05A5 idle  ___org_putch
 0001:5F97 idle  ___org_raise
 0001:559E idle  ___org_realloc
 0001:03DA idle  ___org_setmem
 0001:4228 idle  ___org_setvbuf
 0001:4393 idle  ___org_sprintf
 0001:04A8 idle  ___org_strcmp
 0001:04DA idle  ___org_strcpy
 0001:0506 idle  ___org_stricmp
 0001:054A idle  ___org_strlen
 0001:0270 idle  ___org_strrchr
 0001:02BE idle  ___org_strtok
 0001:43BA idle  ___org_vsprintf
 0001:45D8 idle  ___org__close
 0001:4728 idle  ___org__fgetc
 0001:01A4 idle  ___org__fmemcpy
 0001:01F2 idle  ___org__fmemset
 0001:3E44 idle  ___org__fputc
 0001:0218 idle  ___org__fstrlen
 0001:023C idle  ___org__fstrncpy
 0003:0257 idle  ___org__GetPolymorphicDTC
 0001:4A7D idle  ___org__open
 0001:340B idle  ___org__read
 0001:4590 idle  ___org__rtl_chmod
 0001:45B4 idle  ___org__rtl_close
 0001:4A2A idle  ___org__rtl_open
 0001:33B0 idle  ___org__rtl_read
 0001:4B68 idle  ___org__rtl_write
 0001:4BD3 idle  ___org__write
 0001:4A98       ___read
 0005:0E76       ___ReadBufFPtr
 0005:049C idle  ___savedDS
 0005:049E idle  ___savedSI
 0005:04A0 idle  ___terminatePTR
 0005:04A8 idle  ___terminate_DS
 0005:04B2 idle  ___throwExceptionName
 0005:04AC idle  ___throwFileName
 0005:04B0 idle  ___throwLineNumber
 0005:04A4 idle  ___unexpectdPTR
 0005:04AA idle  ___unexpectd_DS
 0001:43E0       ___write
 0005:0E7A       ___WriteBufFPtr
 0005:0EAE       ___xalloc

  Address         Publics by Value

 0000:0000 idle  ENABLEMENUITEM
 0000:0000 idle  GETWINDOWRECT
 0000:0000 idle  GLOBALREALLOC
 0000:0000 idle  REGISTERCLASS
 0000:0000 idle  ENUMTASKWINDOWS
 0000:0000 idle  FILLRECT
 0000:0000 idle  GETMENUSTATE
 0000:0000 idle  CREATESOLIDBRUSH
 0000:0000 idle  LOCKSEGMENT
 0000:0000 idle  GLOBALALLOC
 0000:0000 idle  SAVEDC
 0000:0000 idle  GETMODULEHANDLE
 0000:0000 idle  GETDC
 0000:0000 idle  _LCLOSE
 0000:0000 idle  OEMTOANSI
 0000:0000 idle  CREATECOMPATIBLEDC
 0000:0000 idle  STARTDOC
 0000:0000 idle  RESTOREDC
 0000:0000 idle  GETMODULEFILENAME
 0000:0000 idle  SETCAPTURE
 0000:0000 idle  GETCURRENTTASK
 0000:0000 idle  GETSYSTEMMENU
 0000:0000 idle  PTINRECT
 0000:0000 idle  GETUPDATERECT
 0000:0000 idle  INVERTRECT
 0000:0000 idle  GETSYSCOLOR
 0000:0000 idle  CREATEFONTINDIRECT
 0000:0000 idle  GETSTOCKOBJECT
 0000:0000 idle  INTERSECTRECT
 0000:0000 idle  SETSCROLLPOS
 0000:0000 idle  STARTPAGE
 0000:0000 idle  INVALIDATERECT
 0000:0000 idle  INITTASK
 0000:0000 idle  SETCARETPOS
 0000:0000 idle  __acrtused
 0000:0000 idle  ENDDOC
 0000:0000 idle  CREATEWINDOW
 0000:0000 idle  GETWINFLAGS
 0000:0000 idle  GETMESSAGE
 0000:0000 idle  DELETEOBJECT
 0000:0000 idle  DISPATCHMESSAGE
 0000:0000 idle  SCROLLWINDOW
 0000:0000 idle  OPENCLIPBOARD
 0000:0000 idle  APPENDMENU
 0000:0000 idle  OPENFILE
 0000:0000 idle  CREATECARET
 0000:0000 idle  RELEASECAPTURE
 0000:0000 idle  GLOBALLOCK
 0000:0000 idle  GETDOSENVIRONMENT
 0000:0000 idle  FATALEXIT
 0000:0000 idle  GETCLIPBOARDDATA
 0000:0000 idle  GLOBALHANDLE
 0000:0000 idle  _WSPRINTF
 0000:0000 idle  INITAPP
 0000:0000 idle  SETSCROLLRANGE
 0000:0000 idle  SETMAPMODE
 0000:0000 idle  SHOWCARET
 0000:0000 idle  GLOBALUNLOCK
 0000:0000 idle  LOADICON
 0000:0000 idle  ESCAPE
 0000:0000 idle  POSTQUITMESSAGE
 0000:0000 idle  GETKEYSTATE
 0000:0000 idle  MESSAGEBEEP
 0000:0000 idle  LOADCURSOR
 0000:0000 idle  DELETEDC
 0000:0000 idle  GETPROFILESTRING
 0000:0000 idle  POSTMESSAGE
 0000:0000 idle  ISCLIPBOARDFORMATAVAILABLE
 0000:0000 idle  SELECTOBJECT
 0000:0000 idle  _LWRITE
 0000:0000 idle  GETSYSTEMMETRICS
 0000:0000 idle  GETDEVICECAPS
 0000:0000 idle  SETCLIPBOARDDATA
 0000:0000 idle  GETWINDOWTEXT
 0000:0000 idle  CREATECOMPATIBLEBITMAP
 0000:0000 idle  DESTROYCARET
 0000:0000 idle  SETWINDOWTEXT
 0000:0000 idle  RELEASEDC
 0000:0000 idle  PRINTDLG
 0000:0000 idle  GETCLIENTRECT
 0000:0000 idle  TRANSLATEMESSAGE
 0000:0000 idle  SHOWSCROLLBAR
 0000:0000 idle  UNLOCKSEGMENT
 0000:0000 idle  DEFWINDOWPROC
 0000:0000 idle  GLOBALSIZE
 0000:0000 idle  TEXTOUT
 0000:0000 idle  GETASYNCKEYSTATE
 0000:0000 idle  BITBLT
 0000:0000 idle  GETPROCADDRESS
 0000:0000  Abs  __cvtfak
 0000:0000 idle  GLOBALFREE
 0000:0000 idle  ENDPAINT
 0000:0000 idle  BEGINPAINT
 0000:0000 idle  SHOWWINDOW
 0000:0000 idle  SETWINDOWPOS
 0000:0000 idle  CREATEMENU
 0000:0000 idle  GETMODULEUSAGE
 0000:0000 idle  CLOSECLIPBOARD
 0000:0000 idle  PEEKMESSAGE
 0000:0000 idle  MESSAGEBOX
 0000:0000 idle  WAITEVENT
 0000:0000 idle  GETTEXTMETRICS
 0000:0000 idle  DESTROYWINDOW
 0000:0000 idle  UPDATEWINDOW
 0000:0000 idle  ENDPAGE
 0000:0010 idle  __DestructorCount
 0000:0014 idle  __Exception_list
 0001:0062 idle  __INITAPPCALLED
 0001:00DB idle  __WINMAINCALL
 0001:00F2       __cleanup
 0001:0104       __checknull
 0001:0105       __restorezero
 0001:0106       __terminate
 0001:011B       __GetDGROUP
 0001:01A4 idle  ___org__fmemcpy
 0001:01A4       __fmemcpy
 0001:01CA idle  __fsetmem
 0001:01F2 idle  ___org__fmemset
 0001:01F2       __fmemset
 0001:0218       __fstrlen
 0001:0218 idle  ___org__fstrlen
 0001:023C idle  ___org__fstrncpy
 0001:023C       __fstrncpy
 0001:0270       _strrchr
 0001:0270 idle  ___org_strrchr
 0001:02BE       _strtok
 0001:02BE idle  ___org_strtok
 0001:038A idle  ___org_memcmp
 0001:038A       _memcmp
 0001:03B4       _memcpy
 0001:03B4 idle  ___org_memcpy
 0001:03DA idle  ___org_setmem
 0001:03DA idle  _setmem
 0001:0402       _memset
 0001:0402 idle  ___org_memset
 0001:0428 idle  _movmem
 0001:0428 idle  ___org_movmem
 0001:0481 idle  ___org_memmove
 0001:0481       _memmove
 0001:04A8 idle  ___org_strcmp
 0001:04A8       _strcmp
 0001:04DA idle  ___org_strcpy
 0001:04DA       _strcpy
 0001:0506 idle  ___org_stricmp
 0001:0506       _stricmp
 0001:054A idle  ___org_strlen
 0001:054A       _strlen
 0001:056E idle  _getch
 0001:0578 idle  _getche
 0001:059B       _kbhit
 0001:05A5 idle  ___org_putch
 0001:05A5 idle  _putch
 0001:082B idle  __GetEasyWinWindow
 0001:0833 idle  __CursorTo
 0001:0880 idle  __ScrollTo
 0001:094B idle  __TrackCursor
 0001:0C3F idle  __WriteBuf
 0001:0D88       __WriteChar
 0001:0DA1       __KeyPressed
 0001:0E01       __ReadKey
 0001:0EDC idle  __ReadBuf
 0001:0F7A idle  _gotoxy
 0001:0F9C idle  _wherex
 0001:0FA9 idle  _wherey
 0001:0FB6 idle  _clrscr
 0001:1016 idle  _clreol
 0001:2838       _easywinproc(const hwnd__ near*,unsigned int,unsigned int,long)
 0001:2A07       __initeasywin()
 0001:2A5F idle  __DoneEasyWin
 0001:2A83       __exiteasywin()
 0001:2B1B       __createeasywin()
 0001:2B92       __InitEasyWin
 0001:2D47       __eh_alloctable()
 0001:304B       __eh_getclientdata(unsigned int)
 0001:3142       __eh_initstaticdata()
 0001:3196       __setupio
 0001:3236 idle  __freeio
 0001:32FC       __xclose
 0001:3316       __IOERROR
 0001:3354 idle  __DOSERROR
 0001:3368 idle  ___org_isatty
 0001:3368       _isatty
 0001:3380       _lseek
 0001:3380 idle  ___org_lseek
 0001:33B0       __rtl_read
 0001:33B0 idle  ___org__rtl_read
 0001:340B       __read
 0001:340B idle  ___org__read
 0001:3442       __VPRINTER
 0001:3904       _fflush
 0001:3904 idle  ___org_fflush
 0001:39E0       __flushall
 0001:3A34 idle  _flushall
 0001:3A3E       __flushout
 0001:3AC8       _fputs
 0001:3AC8 idle  ___org_fputs
 0001:3BA6       _fseek
 0001:3BA6 idle  ___org_fseek
 0001:3C2E idle  ___org_ftell
 0001:3C2E idle  _ftell
 0001:3D0C idle  ___org_gets
 0001:3D0C       _gets
 0001:3D94 idle  _perror
 0001:3D94 idle  ___org_perror
 0001:3E24 idle  ___org_printf
 0001:3E24       _printf
 0001:3E44 idle  ___org__fputc
 0001:3E44 idle  __fputc
 0001:3E68 idle  ___org_fputc
 0001:3E68 idle  _fputc
 0001:4000 idle  ___org_fputchar
 0001:4000 idle  _fputchar
 0001:4019       __FPUTN
 0001:4228 idle  ___org_setvbuf
 0001:4228       _setvbuf
 0001:4393       _sprintf
 0001:4393 idle  ___org_sprintf
 0001:43BA idle  _vsprintf
 0001:43BA idle  ___org_vsprintf
 0001:43E0       ___write
 0001:4546       __xfflush
 0001:4590       __rtl_chmod
 0001:4590 idle  ___org__rtl_chmod
 0001:45B4 idle  ___org__rtl_close
 0001:45B4       __rtl_close
 0001:45D8 idle  ___org__close
 0001:45D8 idle  __close
 0001:45EC idle  ___org_eof
 0001:45EC       _eof
 0001:4728 idle  ___org__fgetc
 0001:4728       __fgetc
 0001:4746 idle  __Nfgetc
 0001:4749 idle  ___org_fgetc
 0001:4749 idle  _fgetc
 0001:4849 idle  _fgetchar
 0001:4849 idle  ___org_fgetchar
 0001:488F       _open
 0001:488F idle  ___org_open
 0001:4A2A idle  ___org__rtl_open
 0001:4A2A       __rtl_open
 0001:4A7D idle  ___org__open
 0001:4A7D idle  __open
 0001:4A98       ___read
 0001:4B68 idle  ___org__rtl_write
 0001:4B68       __rtl_write
 0001:4BD3 idle  ___org__write
 0001:4BD3 idle  __write
 0001:4BF2       _ioctl
 0001:4BF2 idle  ___org_ioctl
 0001:4C82       F_LXMUL@
 0001:4C82 idle  LXMUL@
 0001:4C99 idle  N_LDIV@
 0001:4C9C idle  F_LDIV@
 0001:4C9C idle  LDIV@
 0001:4CA0       N_LUDIV@
 0001:4CA3       F_LUDIV@
 0001:4CA3 idle  LUDIV@
 0001:4CA8 idle  N_LMOD@
 0001:4CAB idle  F_LMOD@
 0001:4CAB idle  LMOD@
 0001:4CB0 idle  N_LUMOD@
 0001:4CB3 idle  F_LUMOD@
 0001:4CB3 idle  LUMOD@
 0001:4D47       N_LXMUL@
 0001:4D5E       __LONGTOA
 0001:4DDE idle  __UTOA
 0001:4E1B       __REALCVT
 0001:50A8 idle  ___org_delete
 0001:50A8       operator delete(void far*)
 0001:50C2 idle  ___org_deletea
 0001:50C2       operator delete[](void far*)
 0001:50DC       set_new_handler(void(far*)())
 0001:5148       operator new(unsigned int)
 0001:5148 idle  ___org_new
 0001:519E idle  ___org_newa
 0001:519E       operator new[](unsigned int)
 0001:51B2 idle  __aNchkstk
 0001:51B2 idle  N_CHKSTK@
 0001:51B5 idle  __aFchkstk
 0001:51B5       F_CHKSTK@
 0001:51DE       ___GetSubAllocClientData
 0001:51F6 idle  __INITMEM
 0001:520B idle  __STOPMEM
 0001:524D       __GETMEM
 0001:5447       __SIZMEM
 0001:545D       __RLSMEM
 0001:551D       __GET_TEMP_BLOCK
 0001:5557       __RLS_TEMP_BLOCK
 0001:556E       __SIZ_TEMP_BLOCK
 0001:5582       _malloc
 0001:5582       ___org_malloc
 0001:559E       _realloc
 0001:559E idle  ___org_realloc
 0001:55C0 idle  ___org_calloc
 0001:55C0 idle  _calloc
 0001:55E1       ___org_free
 0001:55E1       _free
 0001:55FE       __farmallocf
 0001:5645       __farcallocf
 0001:56CA       __farfreef
 0001:56FC       __farreallocf
 0001:57FA       ___ErrorMessage
 0001:5814       _movedata
 0001:5838       _abort
 0001:584A idle  _atexit
 0001:5902       _exit
 0001:5917       __exit
 0001:592C idle  __cexit
 0001:593A idle  __c_exit
 0001:5948       __abort
 0001:5962 idle  __setargv
 0001:5BAB idle  __addarg
 0001:5E37 idle  _signal
 0001:5E8E idle  __FpeDefault
 0001:5F97       _raise
 0001:5F97 idle  ___org_raise
 0001:601B idle  __FpeHandler
 0001:60D4 idle  __ErrorMessageHelper
 0001:61C1       __errorBox
 0001:625A       __errorExitBox
 0001:627C       __CG_QUIET
 0001:6282       WINMAIN
 0001:6636 idle  ___org_getdate
 0001:6636       _getdate
 0001:664F idle  ___org_gettime
 0001:664F       _gettime
 0002:0000       _main
 0002:0084 idle  eat_all_memory()
 0003:0000       terminate()
 0003:000A idle  set_terminate(void(far*)())
 0003:00A6       ___call_terminate
 0003:0159       unexpected()
 0003:0162 idle  set_unexpected(void(far*)())
 0003:01D4       ___call_unexpected
 0003:0257 idle  __getpolymorphicdtc(void far*,unsigned int)
 0003:0257 idle  ___org__GetPolymorphicDTC
 0003:02AB idle  __getpolymorphicdtcfar(void far*,unsigned int)
 0003:0303       __ExceptInit
 0003:037E       xalloc::xalloc(const string far&,unsigned int)
 0003:03FD       xalloc::raise()
 0003:05AA       xmsg::xmsg(const string far&)
 0003:0671       xmsg::xmsg(const xmsg far&)
 0003:0718       xmsg::~xmsg()
 0003:079C idle  xmsg::raise()
 0003:0815 idle  xmsg::operator =(const xmsg far&)
 0003:0950       __refdestructorcount()
 0003:0963 idle  __refexceptionlist()
 0003:0977       ___InitExceptBlocks
 0003:09E8       ___ExitExceptBlocks
 0003:09FE idle  ___JumpToCatch__
 0003:1957       _throwexception(void far*,void far*,void far*,void far*,unsigned int,unsigned int,unsigned int,unsigned char far*)
 0003:19AF idle  _rethrowexception(unsigned int,unsigned char far*)
 0003:1B22 idle  __Global_unwind
 0003:1B6E idle  _RaiseException
 0003:2145       _catchcleanup()
 0003:27DD idle  __Local_unwind
 0003:280C idle  __Return_unwind
 0003:28DB       __ExceptionHandler
 0003:368A idle  __CurrExcContext
 0003:36DC idle  __throwfilename()
 0003:36FB idle  __throwlinenumber()
 0003:3716 idle  __throwexceptionname()
 0003:3735 idle  typeinfo::typeinfo(const typeinfo far&)
 0003:379D idle  typeinfo::operator =(const typeinfo far&)
 0003:37AE idle  typeinfo::~typeinfo()
 0003:37E6 idle  typeinfo::operator ==(const typeinfo far&) const
 0003:3819 idle  typeinfo::operator !=(const typeinfo far&) const
 0003:383D idle  typeinfo::before(const typeinfo far&) const
 0003:38B4 idle  typeinfo::name() const
 0003:38D1 idle  __gettypeinfo(void far*,void far*,void far*,void far*)
 0003:3B96 idle  __dynamiccast(void far*,void far*,void far*,void far*,int)
 0004:0000       string::string(const string far&)
 0004:00E8       string::string(const char far*)
 0004:0304       string::~string()
 0004:038A idle  string::assert_element(unsigned int) const
 0004:0442 idle  string::assert_index(unsigned int) const
 0004:04FA idle  tsubstring::assert_element(unsigned int) const
 0004:05AF       tstringref::tstringref(const char far*,unsigned int,const char far*,unsigned int,unsigned int)
 0004:0698       tstringref::~tstringref()
 0004:06FB idle  tstringref::reserve(unsigned int)
 0004:0769 idle  tstringref::check_freeboard()
 0004:07D1 idle  tstringref::grow_to(unsigned int)
 0004:0833 idle  tstringref::round_capacity(unsigned int)
 0004:0872 idle  tstringref::splice(unsigned int,unsigned int,const char far*,unsigned int)
 0004:0A30 idle  string::set_case_sensitive(int)
 0004:0A4D idle  string::set_paranoid_check(int)
 0004:0A6A idle  string::skip_whitespace(int)
 0004:0A87 idle  string::initial_capacity(unsigned int)
 0004:0AA4 idle  string::resize_increment(unsigned int)
 0004:0ACE idle  string::max_waste(unsigned int)
 0005:0030       _errno
 0005:0032       __protected
 0005:0034       __8086
 0005:0036 idle  __8087
 0005:0038       __psp
 0005:003A       __hInstance
 0005:003C       __hPrev
 0005:003E       __pszCmdline
 0005:0040       __cmdShow
 0005:0042 idle  __version
 0005:0042 idle  __osversion
 0005:0042 idle  __osmajor
 0005:0043 idle  __osminor
 0005:0044 idle  __osmode
 0005:0045       __WinAllocFlag
 0005:0047 idle  __LockWIN87EM
 0005:0049 idle  __abend
 0005:00BA idle  _HMemChew
 0005:023E idle  __WindowOrg
 0005:0242 idle  __WindowSize
 0005:0246 idle  __ScreenSize
 0005:024A idle  __BufferSize
 0005:024E idle  __Cursor
 0005:0252 idle  __Origin
 0005:0256 idle  __EasyWinActive
 0005:0258 idle  __InactiveTitle
 0005:025C idle  __AutoTracking
 0005:025E idle  __CheckEOF
 0005:0260 idle  __CheckBreak
 0005:0262 idle  __UseDefaultPrinterFont
 0005:0264 idle  __OutputFileName
 0005:0496       ___CPPexceptionList
 0005:049A idle  ___exceptFlags
 0005:049C idle  ___savedDS
 0005:049E idle  ___savedSI
 0005:04A0 idle  ___terminatePTR
 0005:04A4 idle  ___unexpectdPTR
 0005:04A8 idle  ___terminate_DS
 0005:04AA idle  ___unexpectd_DS
 0005:04AC idle  ___throwFileName
 0005:04B0 idle  ___throwLineNumber
 0005:04B2 idle  ___throwExceptionName
 0005:04B6 idle  ___exceptStaticBuffP
 0005:04BA idle  ___exceptMemAllocVars
 0005:04BE idle  ___exceptionNameBuff
 0005:053E idle  ___ExceptStaticXbuff
 0005:05D0       ___EH_TablePtr
 0005:05EE       ___cachedSS
 0005:05F0       ___cachedVarPtr
 0005:068A       __streams
 0005:0A72       __nfile
 0005:0A74       __openfd
 0005:0AD8       __fmode
 0005:0ADA       __notUmask
 0005:0ADC       __doserrno
 0005:0ADE idle  __dosErrorToSV
 0005:0BA0 idle  __sys_errlist
 0005:0C60       __sys_nerr
 0005:0E76       ___ReadBufFPtr
 0005:0E7A       ___WriteBufFPtr
 0005:0EAE       ___xalloc
 0005:0EE0       __atexitcnt
 0005:0EE2       __exitbuf
 0005:0EE6       __exitfopen
 0005:0EEA       __exitopen
 0005:0F10       __setargv__
 0005:0F82       __argv0
 0005:0FA2       __envseg
 0005:0FA4       __envLng
 0005:0FA6       __envSize
 0005:0FA8       __environ
 0005:10F0 idle  __messagefile
 0005:111A idle  string::case_sensitive
 0005:111C idle  string::paranoid_check
 0005:111E idle  string::skip_white
 0005:1120 idle  string::initial_capac
 0005:1122 idle  string::resize_inc
 0005:1124 idle  string::freeboard
 0005:1180 idle  __FPVector
 0005:1184       __RealCvtVector
 0005:1186 idle  __ScanTodVector
 0005:11F0       ___hInstance
 0005:11F2       ___hPrev
 0005:11F4       ___cmdShow
 0005:11F6 idle  __WindowTitle
 0005:12C8 idle  __DestructorCountPtr
 0005:12EE       __new_handler
 0005:12F6 idle  _SubAllocClientData
 0005:12FC       __atexittbl
 0005:137C       __argc
 0005:137E       __argv

Line numbers for syscrash.obj(syscrash.cpp) segment SYSCRASH_TEXT

    25 0002:0000    29 0002:0014    30 0002:0020    31 0002:002C
    32 0002:0038    33 0002:0044    34 0002:0050    36 0002:005D
    38 0002:0072    41 0002:0079    42 0002:007B    44 0002:0084
    47 0002:0098    49 0002:00A3    51 0002:00B2    52 0002:00BA
    54 0002:00CE    58 0002:00D8    59 0002:00EA    60 0002:00F2
    56 0002:0106    63 0002:010F    67 0002:0119    69 0002:0121
    71 0002:012C    72 0002:013C    65 0002:0148    75 0002:0152
    76 0002:0155

